// Jest Snapshot v1, https://goo.gl/fbAQLP

exports[`5_Slots should render given component 1`] = `
<v-card color="primary" class="pa-5 white--text">
  <h1>I'm heading!</h1>
  <v-btn>Yeah!</v-btn>
</v-card>
`;
